// Jest Snapshot v1, https://goo.gl/fbAQLP

exports[`SingleCounter snapshot test 1`] = `
<div>
  <div
    class="counter-0-2-1"
  >
    <h4>
      Single Counter Redux
    </h4>
    <label>
      <span>
        Step
      </span>
      <select>
        <option
          value="1"
        >
          1
        </option>
        <option
          value="5"
        >
          5
        </option>
        <option
          value="10"
        >
          10
        </option>
        <option
          value="25"
        >
          25
        </option>
        <option
          value="50"
        >
          50
        </option>
      </select>
    </label>
    <div
      class="buttons-0-2-2"
    >
      <button>
        -
      </button>
      <p
        data-testid="value"
      >
        555
      </p>
      <button
        data-testid="increment-button"
      >
        +
      </button>
    </div>
    <hr />
  </div>
</div>
`;
